SLF4J: Class path contains multiple SLF4J bindings.
SLF4J: Found binding in [jar:file:/home/haoze/flaky-reproduction/systems/hdfs-4233/hadoop-dist/target/hadoop-0.23.6-SNAPSHOT/share/hadoop/common/lib/slf4j-log4j12-1.6.1.jar!/org/slf4j/impl/StaticLoggerBinder.class]
SLF4J: Found binding in [jar:file:/home/haoze/tmp/bytecode/hdfs-4233/runtime-1.0-jar-with-dependencies.jar!/org/slf4j/impl/StaticLoggerBinder.class]
SLF4J: See http://www.slf4j.org/codes.html#multiple_bindings for an explanation.
